Component: ARM Compiler 5.05 update 1 (build 106) Tool: armlink [4d0efa]

==============================================================================

Section Cross References

    main.o(.text) refers to _printf_percent.o(.ARM.Collect$$_printf_percent$$00000000) for _printf_percent
    main.o(.text) refers to _printf_c.o(.ARM.Collect$$_printf_percent$$00000013) for _printf_c
    main.o(.text) refers to _printf_str.o(.text) for _printf_str
    main.o(.text) refers to _printf_x.o(.ARM.Collect$$_printf_percent$$0000000C) for _printf_x
    main.o(.text) refers to _printf_hex_int.o(.text) for _printf_longlong_hex
    main.o(.text) refers to _printf_d.o(.ARM.Collect$$_printf_percent$$00000009) for _printf_d
    main.o(.text) refers to _printf_dec.o(.text) for _printf_int_dec
    main.o(.text) refers to timer.o(.text) for timer_set
    main.o(.text) refers to tapdev.o(.text) for tapdev_read
    main.o(.text) refers to uip.o(.text) for htons
    main.o(.text) refers to uip_arp.o(.text) for uip_arp_out
    main.o(.text) refers to rt_memclr_w.o(.text) for __aeabi_memclr4
    main.o(.text) refers to usart.o(.text) for uart_init
    main.o(.text) refers to delay.o(.text) for delay_init
    main.o(.text) refers to led.o(.text) for LED_Init
    main.o(.text) refers to __2printf.o(.text) for __2printf
    main.o(.text) refers to stmflash.o(.text) for STMFLASH_Read
    main.o(.text) refers to udp_demo.o(.text) for udp_int
    main.o(.text) refers to sim800a.o(.text) for sim800a_UDP_close
    main.o(.text) refers to main.o(.data) for timer_ok
    main.o(.text) refers to uip.o(.data) for uip_len
    main.o(.text) refers to uip.o(.bss) for uip_buf
    main.o(.text) refers to main.o(.constdata) for UDP_local_port
    main.o(.text) refers to gprs_handle.o(.text) for gprs_send_data_packet
    main.o(.text) refers to rt_memcpy_v6.o(.text) for __aeabi_memcpy
    main.o(.text) refers to crc16.o(.text) for crc16
    main.o(.text) refers to memcmp.o(.text) for memcmp
    main.o(.text) refers to iap.o(.text) for iap_write_appbin
    main.o(.text) refers to main.o(.bss) for send_ack_buf
    system_stm32f10x.o(.text) refers to system_stm32f10x.o(.data) for SystemCoreClock
    led.o(.text) refers to stm32f10x_rcc.o(.text) for RCC_APB2PeriphClockCmd
    led.o(.text) refers to stm32f10x_gpio.o(.text) for GPIO_Init
    stmflash.o(.text) refers to stm32f10x_flash.o(.text) for FLASH_ProgramHalfWord
    stmflash.o(.text) refers to stmflash.o(.bss) for STMFLASH_BUF
    sim800a.o(.text) refers to _printf_percent.o(.ARM.Collect$$_printf_percent$$00000000) for _printf_percent
    sim800a.o(.text) refers to _printf_c.o(.ARM.Collect$$_printf_percent$$00000013) for _printf_c
    sim800a.o(.text) refers to _printf_str.o(.text) for _printf_str
    sim800a.o(.text) refers to __2printf.o(.text) for __2printf
    sim800a.o(.text) refers to strstr.o(.text) for strstr
    sim800a.o(.text) refers to rt_memclr_w.o(.text) for __aeabi_memclr4
    sim800a.o(.text) refers to rt_memcpy_v6.o(.text) for __aeabi_memcpy
    sim800a.o(.text) refers to usart.o(.text) for USART4_send
    sim800a.o(.text) refers to strlen.o(.text) for strlen
    sim800a.o(.text) refers to rt_memcpy_w.o(.text) for __aeabi_memcpy4
    sim800a.o(.text) refers to strcat.o(.text) for strcat
    sim800a.o(.text) refers to delay.o(.text) for delay_ms
    sim800a.o(.text) refers to sim800a.o(.constdata) for double_quote
    crc16.o(.text) refers to crc16.o(.constdata) for aucCRCHi
    timerx.o(.text) refers to stm32f10x_tim.o(.text) for TIM_GetITStatus
    timerx.o(.text) refers to stm32f10x_rcc.o(.text) for RCC_APB1PeriphClockCmd
    timerx.o(.text) refers to misc.o(.text) for NVIC_Init
    timerx.o(.text) refers to timerx.o(.data) for uip_timer
    spi.o(.text) refers to stm32f10x_spi.o(.text) for SPI_I2S_GetFlagStatus
    spi.o(.text) refers to stm32f10x_rcc.o(.text) for RCC_APB2PeriphClockCmd
    spi.o(.text) refers to stm32f10x_gpio.o(.text) for GPIO_Init
    enc28j60.o(.text) refers to _printf_percent.o(.ARM.Collect$$_printf_percent$$00000000) for _printf_percent
    enc28j60.o(.text) refers to _printf_d.o(.ARM.Collect$$_printf_percent$$00000009) for _printf_d
    enc28j60.o(.text) refers to _printf_dec.o(.text) for _printf_int_dec
    enc28j60.o(.text) refers to stm32f10x_rcc.o(.text) for RCC_APB1PeriphClockCmd
    enc28j60.o(.text) refers to stm32f10x_gpio.o(.text) for GPIO_Init
    enc28j60.o(.text) refers to stm32f10x_spi.o(.text) for SPI_Init
    enc28j60.o(.text) refers to spi.o(.text) for SPI2_ReadWriteByte
    enc28j60.o(.text) refers to timerx.o(.text) for TIM6_Int_Init
    enc28j60.o(.text) refers to delay.o(.text) for delay_ms
    enc28j60.o(.text) refers to __2printf.o(.text) for __2printf
    enc28j60.o(.text) refers to enc28j60.o(.data) for ENC28J60BANK
    gprs_handle.o(.text) refers to rt_memcpy_v6.o(.text) for __aeabi_memcpy
    gprs_handle.o(.text) refers to crc16.o(.text) for crc16
    gprs_handle.o(.text) refers to gprs_handle.o(.data) for nFrameL
[...]
    c                                        0x200000b8   Data           1  uip.o(.data)
    opt                                      0x200000b9   Data           1  uip.o(.data)
    tmp16                                    0x200000ba   Data           2  uip.o(.data)
    .data                                    0x200000bc   Section        8  uip_arp.o(.data)
    ipaddr                                   0x200000bc   Data           4  uip_arp.o(.data)
    i                                        0x200000c0   Data           1  uip_arp.o(.data)
    c                                        0x200000c1   Data           1  uip_arp.o(.data)
    arptime                                  0x200000c2   Data           1  uip_arp.o(.data)
    tmpage                                   0x200000c3   Data           1  uip_arp.o(.data)
    .data                                    0x200000c4   Section        6  tapdev.o(.data)
    .data                                    0x200000ca   Section        1  tcp_client_demo.o(.data)
    .data                                    0x200000cb   Section        1  tcp_server_demo.o(.data)
    .data                                    0x200000cc   Section       12  httpd.o(.data)
    .data                                    0x200000d8   Section       52  httpd-cgi.o(.data)
    calls                                    0x200000d8   Data          16  httpd-cgi.o(.data)
    states                                   0x200000e8   Data          36  httpd-cgi.o(.data)
    .data                                    0x2000010c   Section     1673  httpd-fs.o(.data)
    .data                                    0x20000798   Section       12  udp_demo.o(.data)
    .bss                                     0x200007a4   Section     2039  main.o(.bss)
    rx_buf                                   0x200007a4   Data        2000  main.o(.bss)
    send_ack_buf                             0x20000f74   Data          30  main.o(.bss)
    send_end_ack_buf                         0x20000f92   Data           9  main.o(.bss)
    .bss                                     0x20000f9c   Section       96  uip_arp.o(.bss)
    arp_table                                0x20000f9c   Data          96  uip_arp.o(.bss)
    .ARM.__AT_0x20001000                     0x20001000   Section     1024  usart.o(.ARM.__AT_0x20001000)
    .bss                                     0x20001400   Section     2048  stmflash.o(.bss)
    .bss                                     0x20001c00   Section     1024  usart.o(.bss)
    .bss                                     0x20002000   Section     2048  iap.o(.bss)
    .bss                                     0x20002800   Section     6072  uip.o(.bss)
    .bss                                     0x20003fb8   Section      200  tcp_client_demo.o(.bss)
    .bss                                     0x20004080   Section      200  tcp_server_demo.o(.bss)
    .bss                                     0x20004148   Section       20  httpd-fs.o(.bss)
    count                                    0x20004148   Data          20  httpd-fs.o(.bss)
    .bss                                     0x2000415c   Section       96  libspace.o(.bss)
    HEAP                                     0x200041c0   Section      512  startup_stm32f10x_hd.o(HEAP)
    Heap_Mem                                 0x200041c0   Data         512  startup_stm32f10x_hd.o(HEAP)
    STACK                                    0x200043c0   Section     1024  startup_stm32f10x_hd.o(STACK)
    Stack_Mem                                0x200043c0   Data        1024  startup_stm32f10x_hd.o(STACK)
    __initial_sp                             0x200047c0   Data           0  startup_stm32f10x_hd.o(STACK)

    Global Symbols

    Symbol Name                              Value     Ov Type        Size  Object(Section)

    BuildAttributes$$THM_ISAv4$P$D$K$B$S$PE$A:L22UL41UL21$X:L11$S22US41US21$IEEE1$IW$USESV6$~STKCKD$USESV7$~SHL$OSPACE$ROPI$EBA8$UX$STANDARDLIB$REQ8$PRES8$EABIv2 0x00000000   Number         0  anon$$obj.o ABSOLUTE
    __ARM_use_no_argv                        0x00000000   Number         0  main.o ABSOLUTE
    _printf_flags                            0x00000000   Number         0  printf_stubs.o ABSOLUTE
    _printf_return_value                     0x00000000   Number         0  printf_stubs.o ABSOLUTE
    _printf_sizespec                         0x00000000   Number         0  printf_stubs.o ABSOLUTE
    _printf_widthprec                        0x00000000   Number         0  printf_stubs.o ABSOLUTE
    __ARM_exceptions_init                     - Undefined Weak Reference
    __alloca_initialize                       - Undefined Weak Reference
    __arm_preinit_                            - Undefined Weak Reference
    __cpp_initialize__aeabi_                  - Undefined Weak Reference
    __cxa_finalize                            - Undefined Weak Reference
    __rt_locale                               - Undefined Weak Reference
    __sigvec_lookup                           - Undefined Weak Reference
    _atexit_init                              - Undefined Weak Reference
    _call_atexit_fns                          - Undefined Weak Reference
    _clock_init                               - Undefined Weak Reference
    _fp_trap_init                             - Undefined Weak Reference
    _fp_trap_shutdown                         - Undefined Weak Reference
    _get_lc_collate                           - Undefined Weak Reference
    _get_lc_ctype                             - Undefined Weak Reference
    _get_lc_monetary                          - Undefined Weak Reference
    _get_lc_numeric                           - Undefined Weak Reference
    _get_lc_time                              - Undefined Weak Reference
    _getenv_init                              - Undefined Weak Reference
    _handle_redirection                       - Undefined Weak Reference
    _init_alloc                               - Undefined Weak Reference
    _init_user_alloc                          - Undefined Weak Reference
    _initio                                   - Undefined Weak Reference
    _mutex_acquire                            - Undefined Weak Reference
    _mutex_release                            - Undefined Weak Reference
    _printf_mbtowc                            - Undefined Weak Reference
    _printf_truncate_signed                   - Undefined Weak Reference
    _printf_truncate_unsigned                 - Undefined Weak Reference
    _rand_init                                - Undefined Weak Reference
    _signal_finish                            - Undefined Weak Reference
    _signal_init                              - Undefined Weak Reference
    _terminate_alloc                          - Undefined Weak Reference
    _terminate_user_alloc                     - Undefined Weak Reference
    _terminateio                              - Undefined Weak Reference
    __Vectors_Size                           0x00000130   Number         0  startup_stm32f10x_hd.o ABSOLUTE
    __Vectors                                0x08000000   Data           4  startup_stm32f10x_hd.o(RESET)
    __Vectors_End                            0x08000130   Data           0  startup_stm32f10x_hd.o(RESET)
    __main                                   0x08000131   Thumb Code     8  __main.o(!!!main)
    __scatterload                            0x08000139   Thumb Code     0  __scatter.o(!!!scatter)
    __scatterload_rt2                        0x08000139   Thumb Code    44  __scatter.o(!!!scatter)
    __scatterload_rt2_thumb_only             0x08000139   Thumb Code     0  __scatter.o(!!!scatter)
    __scatterload_null                       0x08000147   Thumb Code     0  __scatter.o(!!!scatter)
    __decompress                             0x0800016d   Thumb Code   100  __dclz77c.o(!!dclz77c)
    __decompress2                            0x0800016d   Thumb Code     0  __dclz77c.o(!!dclz77c)
    __scatterload_zeroinit                   0x080001d1   Thumb Code    28  __scatter_zi.o(!!handler_zi)
    _printf_d                                0x080001ed   Thumb Code     0  _printf_d.o(.ARM.Collect$$_printf_percent$$00000009)
    _printf_percent                          0x080001ed   Thumb Code     0  _printf_percent.o(.ARM.Collect$$_printf_percent$$00000000)
    _printf_u                                0x080001f3   Thumb Code     0  _printf_u.o(.ARM.Collect$$_printf_percent$$0000000A)
    _printf_x                                0x080001f9   Thumb Code     0  _printf_x.o(.ARM.Collect$$_printf_percent$$0000000C)
    _printf_c                                0x080001ff   Thumb Code     0  _printf_c.o(.ARM.Collect$$_printf_percent$$00000013)
    _printf_s                                0x08000205   Thumb Code     0  _printf_s.o(.ARM.Collect$$_printf_percent$$00000014)
    _printf_percent_end                      0x0800020b   Thumb Code     0  _printf_percent_end.o(.ARM.Collect$$_printf_percent$$00000017)
    __rt_lib_init                            0x0800020f   Thumb Code     0  libinit.o(.ARM.Collect$$libinit$$00000000)
    __rt_lib_init_alloca_1                   0x08000211   Thumb Code     0  libinit2.o(.ARM.Collect$$libinit$$0000002E)
    __rt_lib_init_argv_1                     0x08000211   Thumb Code     0  libinit2.o(.ARM.Collect$$libinit$$0000002C)
    __rt_lib_init_atexit_1                   0x08000211   Thumb Code     0  libinit2.o(.ARM.Collect$$libinit$$0000001B)
    __rt_lib_init_clock_1                    0x08000211   Thumb Code     0  libinit2.o(.ARM.Collect$$libinit$$00000021)
    __rt_lib_init_cpp_1                      0x08000211   Thumb Code     0  libinit2.o(.ARM.Collect$$libinit$$00000032)
    __rt_lib_init_exceptions_1               0x08000211   Thumb Code     0  libinit2.o(.ARM.Collect$$libinit$$00000030)
    __rt_lib_init_fp_1                       0x08000211   Thumb Code     0  libinit2.o(.ARM.Collect$$libinit$$00000002)
    __rt_lib_init_fp_trap_1                  0x08000211   Thumb Code     0  libinit2.o(.ARM.Collect$$libinit$$0000001F)
    __rt_lib_init_getenv_1                   0x08000211   Thumb Code     0  libinit2.o(.ARM.Collect$$libinit$$00000023)
    __rt_lib_init_heap_1                     0x08000211   Thumb Code     0  libinit2.o(.ARM.Collect$$libinit$$0000000A)
    __rt_lib_init_lc_collate_1               0x08000211   Thumb Code     0  libinit2.o(.ARM.Collect$$libinit$$00000011)
    __rt_lib_init_lc_ctype_1                 0x08000211   Thumb Code     0  libinit2.o(.ARM.Collect$$libinit$$00000013)
    __rt_lib_init_lc_monetary_1              0x08000211   Thumb Code     0  libinit2.o(.ARM.Collect$$libinit$$00000015)
    __rt_lib_init_lc_numeric_1               0x08000211   Thumb Code     0  libinit2.o(.ARM.Collect$$libinit$$00000017)
    __rt_lib_init_lc_time_1                  0x08000211   Thumb Code     0  libinit2.o(.ARM.Collect$$libinit$$00000019)
    __rt_lib_init_preinit_1                  0x08000211   Thumb Code     0  libinit2.o(.ARM.Collect$$libinit$$00000004)
    __rt_lib_init_rand_1                     0x08000211   Thumb Code     0  libinit2.o(.ARM.Collect$$libinit$$0000000E)
    __rt_lib_init_return                     0x08000211   Thumb Code     0  libinit2.o(.ARM.Collect$$libinit$$00000033)
    __rt_lib_init_signal_1                   0x08000211   Thumb Code     0  libinit2.o(.ARM.Collect$$libinit$$0000001D)
    __rt_lib_init_stdio_1                    0x08000211   Thumb Code     0  libinit2.o(.ARM.Collect$$libinit$$00000025)
    __rt_lib_init_user_alloc_1               0x08000211   Thumb Code     0  libinit2.o(.ARM.Collect$$libinit$$0000000C)
    __rt_lib_shutdown                        0x08000213   Thumb Code     0  libshutdown.o(.ARM.Collect$$libshutdown$$00000000)
    __rt_lib_shutdown_fp_trap_1              0x08000215   Thumb Code     0  libshutdown2.o(.ARM.Collect$$libshutdown$$00000006)
    __rt_lib_shutdown_heap_1                 0x08000215   Thumb Code     0  libshutdown2.o(.ARM.Collect$$libshutdown$$0000000E)
    __rt_lib_shutdown_return                 0x08000215   Thumb Code     0  libshutdown2.o(.ARM.Collect$$libshutdown$$0000000F)
    __rt_lib_shutdown_signal_1               0x08000215   Thumb Code     0  libshutdown2.o(.ARM.Collect$$libshutdown$$00000009)
    __rt_lib_shutdown_stdio_1                0x08000215   Thumb Code     0  libshutdown2.o(.ARM.Collect$$libshutdown$$00000003)
    __rt_lib_shutdown_user_alloc_1           0x08000215   Thumb Code     0  libshutdown2.o(.ARM.Collect$$libshutdown$$0000000B)
    __rt_entry                               0x08000217   Thumb Code     0  __rtentry.o(.ARM.Collect$$rtentry$$00000000)
    __rt_entry_presh_1                       0x08000217   Thumb Code     0  __rtentry2.o(.ARM.Collect$$rtentry$$00000002)
    __rt_entry_sh                            0x08000217   Thumb Code     0  __rtentry4.o(.ARM.Collect$$rtentry$$00000004)
    __rt_entry_li                            0x0800021d   Thumb Code     0  __rtentry2.o(.ARM.Collect$$rtentry$$0000000A)
    __rt_entry_postsh_1                      0x0800021d   Thumb Code     0  __rtentry2.o(.ARM.Collect$$rtentry$$00000009)
    __rt_entry_main                          0x08000221   Thumb Code     0  __rtentry2.o(.ARM.Collect$$rtentry$$0000000D)
    __rt_entry_postli_1                      0x08000221   Thumb Code     0  __rtentry2.o(.ARM.Collect$$rtentry$$0000000C)
    __rt_exit                                0x08000229   Thumb Code     0  rtexit.o(.ARM.Collect$$rtexit$$00000000)
    __rt_exit_ls                             0x0800022b   Thumb Code     0  rtexit2.o(.ARM.Collect$$rtexit$$00000003)
    __rt_exit_prels_1                        0x0800022b   Thumb Code     0  rtexit2.o(.ARM.Collect$$rtexit$$00000002)
    __rt_exit_exit                           0x0800022f   Thumb Code     0  rtexit2.o(.ARM.Collect$$rtexit$$00000004)
    WFI_SET                                  0x08000235   Thumb Code     2  sys.o(.emb_text)
    INTX_DISABLE                             0x08000237   Thumb Code     2  sys.o(.emb_text)
    INTX_ENABLE                              0x08000239   Thumb Code     2  sys.o(.emb_text)
    MSR_MSP                                  0x0800023b   Thumb Code     6  sys.o(.emb_text)
    uip_polling                              0x08000241   Thumb Code   208  main.o(.text)
    main                                     0x08000311   Thumb Code   260  main.o(.text)
    sim800a_creat_network_connetion          0x08000435   Thumb Code   470  main.o(.text)
    sim800a_UDP_send                         0x080006b5   Thumb Code    26  main.o(.text)
    NMI_Handler                              0x08000d7d   Thumb Code     2  stm32f10x_it.o(.text)
    HardFault_Handler                        0x08000d7f   Thumb Code     4  stm32f10x_it.o(.text)
    MemManage_Handler                        0x08000d83   Thumb Code     4  stm32f10x_it.o(.text)
    BusFault_Handler                         0x08000d87   Thumb Code     4  stm32f10x_it.o(.text)
    UsageFault_Handler                       0x08000d8b   Thumb Code     4  stm32f10x_it.o(.text)
    SVC_Handler                              0x08000d8f   Thumb Code     2  stm32f10x_it.o(.text)
    DebugMon_Handler                         0x08000d91   Thumb Code     2  stm32f10x_it.o(.text)
    PendSV_Handler                           0x08000d93   Thumb Code     2  stm32f10x_it.o(.text)
    SysTick_Handler                          0x08000d95   Thumb Code     2  stm32f10x_it.o(.text)
    SystemInit                               0x08000e77   Thumb Code    78  system_stm32f10x.o(.text)
    SystemCoreClockUpdate                    0x08000ec5   Thumb Code   142  system_stm32f10x.o(.text)
    LED_Init                                 0x08000f79   Thumb Code   102  led.o(.text)
    STMFLASH_ReadHalfWord                    0x08000fed   Thumb Code     6  stmflash.o(.text)
    STMFLASH_Write_NoCheck                   0x08000ff3   Thumb Code    38  stmflash.o(.text)
    STMFLASH_Read                            0x08001019   Thumb Code    34  stmflash.o(.text)
    STMFLASH_Write                           0x0800103b   Thumb Code   222  stmflash.o(.text)
    Test_Write                               0x08001119   Thumb Code    16  stmflash.o(.text)
    sim800a_rec_check                        0x08001151   Thumb Code    22  sim800a.o(.text)
    sim800a_check_GPRS_state                 0x0800119f   Thumb Code    28  sim800a.o(.text)
    sim800a_start_task                       0x080011bb   Thumb Code    28  sim800a.o(.text)
    sim800a_bring_up_connection              0x080011d7   Thumb Code    28  sim800a.o(.text)
    sim800a_get_ip                           0x080011f3   Thumb Code    28  sim800a.o(.text)
    sim800a_configure_server_settings        0x0800120f   Thumb Code   112  sim800a.o(.text)
    sim800a_send_data                        0x080012e3   Thumb Code   120  sim800a.o(.text)
    sim800a_UDP_close                        0x0800135b   Thumb Code    28  sim800a.o(.text)
    sim800a_net_close                        0x08001377   Thumb Code    28  sim800a.o(.text)
    gprsDecodeFrame                          0x08001393   Thumb Code   126  sim800a.o(.text)
    crc16                                    0x08001495   Thumb Code    48  crc16.o(.text)
    TIM6_IRQHandler                          0x080014cd   Thumb Code    32  timerx.o(.text)
    TIM6_Int_Init                            0x080014ed   Thumb Code    90  timerx.o(.text)
    SPI2_ReadWriteByte                       0x08001551   Thumb Code    78  spi.o(.text)
    SPI2_Init                                0x0800159f   Thumb Code   140  spi.o(.text)
    SPI2_SetSpeed                            0x0800162b   Thumb Code    36  spi.o(.text)
    ENC28J60_Reset                           0x0800174d   Thumb Code    52  enc28j60.o(.text)
    ENC28J60_Read_Op                         0x08001781   Thumb Code    60  enc28j60.o(.text)
    ENC28J60_Write_Op                        0x080017bd   Thumb Code    50  enc28j60.o(.text)
    ENC28J60_Read_Buf                        0x080017ef   Thumb Code    48  enc28j60.o(.text)
    ENC28J60_Write_Buf                       0x0800181f   Thumb Code    42  enc28j60.o(.text)
    ENC28J60_Set_Bank                        0x08001849   Thumb Code    48  enc28j60.o(.text)
    ENC28J60_Read                            0x08001879   Thumb Code    20  enc28j60.o(.text)
    ENC28J60_Write                           0x0800188d   Thumb Code    24  enc28j60.o(.text)
    ENC28J60_PHY_Write                       0x080018a5   Thumb Code    62  enc28j60.o(.text)
    ENC28J60_Get_EREVID                      0x080018e3   Thumb Code    10  enc28j60.o(.text)
    ENC28J60_Init                            0x080018ed   Thumb Code   448  enc28j60.o(.text)
    ENC28J60_Packet_Send                     0x08001aad   Thumb Code   102  enc28j60.o(.text)
    ENC28J60_Packet_Receive                  0x08001b13   Thumb Code   188  enc28j60.o(.text)
    gprs_send_data_packet                    0x08001bd5   Thumb Code   132  gprs_handle.o(.text)
    delay_init                               0x08001c5d   Thumb Code    50  delay.o(.text)
    delay_us                                 0x08001c8f   Thumb Code    72  delay.o(.text)
    delay_ms                                 0x08001cd7   Thumb Code    72  delay.o(.text)
    _sys_exit                                0x08001d31   Thumb Code     6  usart.o(.text)
    fputc                                    0x08001d37   Thumb Code    24  usart.o(.text)
    USART1_IRQHandler                        0x08001d4f   Thumb Code    52  usart.o(.text)
    uart_init                                0x08001d83   Thumb Code   152  usart.o(.text)
    uart4_init                               0x08001e1b   Thumb Code   160  usart.o(.text)
    UART4_IRQHandler                         0x08001ebb   Thumb Code    48  usart.o(.text)
    USART_SendData8                          0x08001eeb   Thumb Code     4  usart.o(.text)
    USART4_send                              0x08001eef   Thumb Code    40  usart.o(.text)
    usart4_rx_buffer_get                     0x08001f17   Thumb Code    12  usart.o(.text)
    usart4_rx_buffer_clean                   0x08001f23   Thumb Code    26  usart.o(.text)
    Reset_Handler                            0x08001f5d   Thumb Code     8  startup_stm32f10x_hd.o(.text)
    ADC1_2_IRQHandler                        0x08001f77   Thumb Code     0  startup_stm32f10x_hd.o(.text)
    ADC3_IRQHandler                          0x08001f77   Thumb Code     0  startup_stm32f10x_hd.o(.text)
    CAN1_RX1_IRQHandler                      0x08001f77   Thumb Code     0  startup_stm32f10x_hd.o(.text)
    CAN1_SCE_IRQHandler                      0x08001f77   Thumb Code     0  startup_stm32f10x_hd.o(.text)
    DMA1_Channel1_IRQHandler                 0x08001f77   Thumb Code     0  startup_stm32f10x_hd.o(.text)
    DMA1_Channel2_IRQHandler                 0x08001f77   Thumb Code     0  startup_stm32f10x_hd.o(.text)
    DMA1_Channel3_IRQHandler                 0x08001f77   Thumb Code     0  startup_stm32f10x_hd.o(.text)
    DMA1_Channel4_IRQHandler                 0x08001f77   Thumb Code     0  startup_stm32f10x_hd.o(.text)
    DMA1_Channel5_IRQHandler                 0x08001f77   Thumb Code     0  startup_stm32f10x_hd.o(.text)
    DMA1_Channel6_IRQHandler                 0x08001f77   Thumb Code     0  startup_stm32f10x_hd.o(.text)
    DMA1_Channel7_IRQHandler                 0x08001f77   Thumb Code     0  startup_stm32f10x_hd.o(.text)
    DMA2_Channel1_IRQHandler                 0x08001f77   Thumb Code     0  startup_stm32f10x_hd.o(.text)
    DMA2_Channel2_IRQHandler                 0x08001f77   Thumb Code     0  startup_stm32f10x_hd.o(.text)
    DMA2_Channel3_IRQHandler                 0x08001f77   Thumb Code     0  startup_stm32f10x_hd.o(.text)
    DMA2_Channel4_5_IRQHandler               0x08001f77   Thumb Code     0  startup_stm32f10x_hd.o(.text)
    EXTI0_IRQHandler                         0x08001f77   Thumb Code     0  startup_stm32f10x_hd.o(.text)
    EXTI15_10_IRQHandler                     0x08001f77   Thumb Code     0  startup_stm32f10x_hd.o(.text)
    EXTI1_IRQHandler                         0x08001f77   Thumb Code     0  startup_stm32f10x_hd.o(.text)
    EXTI2_IRQHandler                         0x08001f77   Thumb Code     0  startup_stm32f10x_hd.o(.text)
    EXTI3_IRQHandler                         0x08001f77   Thumb Code     0  startup_stm32f10x_hd.o(.text)
    EXTI4_IRQHandler                         0x08001f77   Thumb Code     0  startup_stm32f10x_hd.o(.text)
    EXTI9_5_IRQHandler                       0x08001f77   Thumb Code     0  startup_stm32f10x_hd.o(.text)
    FLASH_IRQHandler                         0x08001f77   Thumb Code     0  startup_stm32f10x_hd.o(.text)
    FSMC_IRQHandler                          0x08001f77   Thumb Code     0  startup_stm32f10x_hd.o(.text)
    I2C1_ER_IRQHandler                       0x08001f77   Thumb Code     0  startup_stm32f10x_hd.o(.text)
    I2C1_EV_IRQHandler                       0x08001f77   Thumb Code     0  startup_stm32f10x_hd.o(.text)
    I2C2_ER_IRQHandler                       0x08001f77   Thumb Code     0  startup_stm32f10x_hd.o(.text)
    I2C2_EV_IRQHandler                       0x08001f77   Thumb Code     0  startup_stm32f10x_hd.o(.text)
    PVD_IRQHandler                           0x08001f77   Thumb Code     0  startup_stm32f10x_hd.o(.text)
    RCC_IRQHandler                           0x08001f77   Thumb Code     0  startup_stm32f10x_hd.o(.text)
    RTCAlarm_IRQHandler                      0x08001f77   Thumb Code     0  startup_stm32f10x_hd.o(.text)
    RTC_IRQHandler                           0x08001f77   Thumb Code     0  startup_stm32f10x_hd.o(.text)
    SDIO_IRQHandler                          0x08001f77   Thumb Code     0  startup_stm32f10x_hd.o(.text)
    SPI1_IRQHandler                          0x08001f77   Thumb Code     0  startup_stm32f10x_hd.o(.text)
    SPI2_IRQHandler                          0x08001f77   Thumb Code     0  startup_stm32f10x_hd.o(.text)
    SPI3_IRQHandler                          0x08001f77   Thumb Code     0  startup_stm32f10x_hd.o(.text)
    TAMPER_IRQHandler                        0x08001f77   Thumb Code     0  startup_stm32f10x_hd.o(.text)
    TIM1_BRK_IRQHandler                      0x08001f77   Thumb Code     0  startup_stm32f10x_hd.o(.text)
    TIM1_CC_IRQHandler                       0x08001f77   Thumb Code     0  startup_stm32f10x_hd.o(.text)
    TIM1_TRG_COM_IRQHandler                  0x08001f77   Thumb Code     0  startup_stm32f10x_hd.o(.text)
    TIM1_UP_IRQHandler                       0x08001f77   Thumb Code     0  startup_stm32f10x_hd.o(.text)
    TIM2_IRQHandler                          0x08001f77   Thumb Code     0  startup_stm32f10x_hd.o(.text)
    TIM3_IRQHandler                          0x08001f77   Thumb Code     0  startup_stm32f10x_hd.o(.text)
    TIM4_IRQHandler                          0x08001f77   Thumb Code     0  startup_stm32f10x_hd.o(.text)
    TIM5_IRQHandler                          0x08001f77   Thumb Code     0  startup_stm32f10x_hd.o(.text)
    TIM7_IRQHandler                          0x08001f77   Thumb Code     0  startup_stm32f10x_hd.o(.text)
    TIM8_BRK_IRQHandler                      0x08001f77   Thumb Code     0  startup_stm32f10x_hd.o(.text)
    TIM8_CC_IRQHandler                       0x08001f77   Thumb Code     0  startup_stm32f10x_hd.o(.text)
    TIM8_TRG_COM_IRQHandler                  0x08001f77   Thumb Code     0  startup_stm32f10x_hd.o(.text)
    TIM8_UP_IRQHandler                       0x08001f77   Thumb Code     0  startup_stm32f10x_hd.o(.text)
    UART5_IRQHandler                         0x08001f77   Thumb Code     0  startup_stm32f10x_hd.o(.text)
    USART2_IRQHandler                        0x08001f77   Thumb Code     0  startup_stm32f10x_hd.o(.text)
    USART3_IRQHandler                        0x08001f77   Thumb Code     0  startup_stm32f10x_hd.o(.text)
    USBWakeUp_IRQHandler                     0x08001f77   Thumb Code     0  startup_stm32f10x_hd.o(.text)
    USB_HP_CAN1_TX_IRQHandler                0x08001f77   Thumb Code     0  startup_stm32f10x_hd.o(.text)
    USB_LP_CAN1_RX0_IRQHandler               0x08001f77   Thumb Code     0  startup_stm32f10x_hd.o(.text)
    WWDG_IRQHandler                          0x08001f77   Thumb Code     0  startup_stm32f10x_hd.o(.text)
    __user_initial_stackheap                 0x08001f79   Thumb Code     0  startup_stm32f10x_hd.o(.text)
    NVIC_PriorityGroupConfig                 0x08001f9d   Thumb Code    10  misc.o(.text)
    NVIC_Init                                0x08001fa7   Thumb Code   100  misc.o(.text)
    NVIC_SetVectorTable                      0x0800200b   Thumb Code    14  misc.o(.text)
    NVIC_SystemLPConfig                      0x08002019   Thumb Code    34  misc.o(.text)
    SysTick_CLKSourceConfig                  0x0800203b   Thumb Code    40  misc.o(.text)
    GPIO_DeInit                              0x08002079   Thumb Code   172  stm32f10x_gpio.o(.text)
    GPIO_AFIODeInit                          0x08002125   Thumb Code    20  stm32f10x_gpio.o(.text)
    GPIO_Init                                0x08002139   Thumb Code   278  stm32f10x_gpio.o(.text)
    GPIO_StructInit                          0x0800224f   Thumb Code    16  stm32f10x_gpio.o(.text)
    GPIO_ReadInputDataBit                    0x0800225f   Thumb Code    18  stm32f10x_gpio.o(.text)
    GPIO_ReadInputData                       0x08002271   Thumb Code     8  stm32f10x_gpio.o(.text)
    GPIO_ReadOutputDataBit                   0x08002279   Thumb Code    18  stm32f10x_gpio.o(.text)
    GPIO_ReadOutputData                      0x0800228b   Thumb Code     8  stm32f10x_gpio.o(.text)
    GPIO_SetBits                             0x08002293   Thumb Code     4  stm32f10x_gpio.o(.text)
    GPIO_ResetBits                           0x08002297   Thumb Code     4  stm32f10x_gpio.o(.text)
    GPIO_WriteBit                            0x0800229b   Thumb Code    10  stm32f10x_gpio.o(.text)
    GPIO_Write                               0x080022a5   Thumb Code     4  stm32f10x_gpio.o(.text)
    GPIO_PinLockConfig                       0x080022a9   Thumb Code    18  stm32f10x_gpio.o(.text)
    GPIO_EventOutputConfig                   0x080022bb   Thumb Code    26  stm32f10x_gpio.o(.text)
    GPIO_EventOutputCmd                      0x080022d5   Thumb Code     6  stm32f10x_gpio.o(.text)
    GPIO_PinRemapConfig                      0x080022db   Thumb Code   138  stm32f10x_gpio.o(.text)
    GPIO_EXTILineConfig                      0x08002365   Thumb Code    66  stm32f10x_gpio.o(.text)
    GPIO_ETH_MediaInterfaceConfig            0x080023a7   Thumb Code     8  stm32f10x_gpio.o(.text)
    RCC_DeInit                               0x080023d5   Thumb Code    64  stm32f10x_rcc.o(.text)
    RCC_HSEConfig                            0x08002415   Thumb Code    70  stm32f10x_rcc.o(.text)
    RCC_GetFlagStatus                        0x0800245b   Thumb Code    56  stm32f10x_rcc.o(.text)
    RCC_WaitForHSEStartUp                    0x08002493   Thumb Code    56  stm32f10x_rcc.o(.text)
    RCC_AdjustHSICalibrationValue            0x080024cb   Thumb Code    20  stm32f10x_rcc.o(.text)
    RCC_HSICmd                               0x080024df   Thumb Code     6  stm32f10x_rcc.o(.text)
    RCC_PLLConfig                            0x080024e5   Thumb Code    24  stm32f10x_rcc.o(.text)
    RCC_PLLCmd                               0x080024fd   Thumb Code     6  stm32f10x_rcc.o(.text)
    RCC_SYSCLKConfig                         0x08002503   Thumb Code    18  stm32f10x_rcc.o(.text)
    RCC_GetSYSCLKSource                      0x08002515   Thumb Code    10  stm32f10x_rcc.o(.text)
    RCC_HCLKConfig                           0x0800251f   Thumb Code    18  stm32f10x_rcc.o(.text)
    RCC_PCLK1Config                          0x08002531   Thumb Code    18  stm32f10x_rcc.o(.text)
    RCC_PCLK2Config                          0x08002543   Thumb Code    20  stm32f10x_rcc.o(.text)
    RCC_ITConfig                             0x08002557   Thumb Code    26  stm32f10x_rcc.o(.text)
    RCC_USBCLKConfig                         0x08002571   Thumb Code     8  stm32f10x_rcc.o(.text)
    RCC_ADCCLKConfig                         0x08002579   Thumb Code    18  stm32f10x_rcc.o(.text)
    RCC_LSEConfig                            0x0800258b   Thumb Code    50  stm32f10x_rcc.o(.text)
    RCC_LSICmd                               0x080025bd   Thumb Code     6  stm32f10x_rcc.o(.text)
    RCC_RTCCLKConfig                         0x080025c3   Thumb Code    12  stm32f10x_rcc.o(.text)
    RCC_RTCCLKCmd                            0x080025cf   Thumb Code     8  stm32f10x_rcc.o(.text)
    RCC_GetClocksFreq                        0x080025d7   Thumb Code   192  stm32f10x_rcc.o(.text)
    RCC_AHBPeriphClockCmd                    0x08002697   Thumb Code    26  stm32f10x_rcc.o(.text)
    RCC_APB2PeriphClockCmd                   0x080026b1   Thumb Code    26  stm32f10x_rcc.o(.text)
    RCC_APB1PeriphClockCmd                   0x080026cb   Thumb Code    26  stm32f10x_rcc.o(.text)
    RCC_APB2PeriphResetCmd                   0x080026e5   Thumb Code    26  stm32f10x_rcc.o(.text)
    RCC_APB1PeriphResetCmd                   0x080026ff   Thumb Code    26  stm32f10x_rcc.o(.text)
    RCC_BackupResetCmd                       0x08002719   Thumb Code     8  stm32f10x_rcc.o(.text)
    RCC_ClockSecuritySystemCmd               0x08002721   Thumb Code     6  stm32f10x_rcc.o(.text)
    RCC_MCOConfig                            0x08002727   Thumb Code     6  stm32f10x_rcc.o(.text)
    RCC_ClearFlag                            0x0800272d   Thumb Code    14  stm32f10x_rcc.o(.text)
    RCC_GetITStatus                          0x0800273b   Thumb Code    20  stm32f10x_rcc.o(.text)
    RCC_ClearITPendingBit                    0x0800274f   Thumb Code     6  stm32f10x_rcc.o(.text)
    USART_DeInit                             0x08002779   Thumb Code   134  stm32f10x_usart.o(.text)
    USART_Init                               0x080027ff   Thumb Code   210  stm32f10x_usart.o(.text)
    USART_StructInit                         0x080028d1   Thumb Code    24  stm32f10x_usart.o(.text)
    USART_ClockInit                          0x080028e9   Thumb Code    34  stm32f10x_usart.o(.text)
    USART_ClockStructInit                    0x0800290b   Thumb Code    12  stm32f10x_usart.o(.text)
    USART_Cmd                                0x08002917   Thumb Code    24  stm32f10x_usart.o(.text)
    USART_ITConfig                           0x0800292f   Thumb Code    74  stm32f10x_usart.o(.text)
    USART_DMACmd                             0x08002979   Thumb Code    18  stm32f10x_usart.o(.text)
    USART_SetAddress                         0x0800298b   Thumb Code    18  stm32f10x_usart.o(.text)
    USART_WakeUpConfig                       0x0800299d   Thumb Code    18  stm32f10x_usart.o(.text)
    USART_ReceiverWakeUpCmd                  0x080029af   Thumb Code    24  stm32f10x_usart.o(.text)
    USART_LINBreakDetectLengthConfig         0x080029c7   Thumb Code    18  stm32f10x_usart.o(.text)
    USART_LINCmd                             0x080029d9   Thumb Code    24  stm32f10x_usart.o(.text)
    USART_SendData                           0x080029f1   Thumb Code     8  stm32f10x_usart.o(.text)
    USART_ReceiveData                        0x080029f9   Thumb Code    10  stm32f10x_usart.o(.text)
    USART_SendBreak                          0x08002a03   Thumb Code    10  stm32f10x_usart.o(.text)
    USART_SetGuardTime                       0x08002a0d   Thumb Code    16  stm32f10x_usart.o(.text)
    USART_SetPrescaler                       0x08002a1d   Thumb Code    16  stm32f10x_usart.o(.text)
    USART_SmartCardCmd                       0x08002a2d   Thumb Code    24  stm32f10x_usart.o(.text)
    USART_SmartCardNACKCmd                   0x08002a45   Thumb Code    24  stm32f10x_usart.o(.text)
    USART_HalfDuplexCmd                      0x08002a5d   Thumb Code    24  stm32f10x_usart.o(.text)
    USART_OverSampling8Cmd                   0x08002a75   Thumb Code    22  stm32f10x_usart.o(.text)
    USART_OneBitMethodCmd                    0x08002a8b   Thumb Code    24  stm32f10x_usart.o(.text)
    USART_IrDAConfig                         0x08002aa3   Thumb Code    18  stm32f10x_usart.o(.text)
    USART_IrDACmd                            0x08002ab5   Thumb Code    24  stm32f10x_usart.o(.text)
    USART_GetFlagStatus                      0x08002acd   Thumb Code    26  stm32f10x_usart.o(.text)
    USART_ClearFlag                          0x08002ae7   Thumb Code    18  stm32f10x_usart.o(.text)
    USART_GetITStatus                        0x08002af9   Thumb Code    84  stm32f10x_usart.o(.text)
    USART_ClearITPendingBit                  0x08002b4d   Thumb Code    52  stm32f10x_usart.o(.text)
    FLASH_SetLatency                         0x08002b81   Thumb Code    18  stm32f10x_flash.o(.text)
    FLASH_HalfCycleAccessCmd                 0x08002b93   Thumb Code    22  stm32f10x_flash.o(.text)
    FLASH_PrefetchBufferCmd                  0x08002ba9   Thumb Code    22  stm32f10x_flash.o(.text)
    FLASH_Unlock                             0x08002bbf   Thumb Code    12  stm32f10x_flash.o(.text)
    FLASH_UnlockBank1                        0x08002bcb   Thumb Code    12  stm32f10x_flash.o(.text)
    FLASH_Lock                               0x08002bd7   Thumb Code    14  stm32f10x_flash.o(.text)
    FLASH_LockBank1                          0x08002be5   Thumb Code    14  stm32f10x_flash.o(.text)
    FLASH_GetBank1Status                     0x08002bf3   Thumb Code    48  stm32f10x_flash.o(.text)
    FLASH_WaitForLastOperation               0x08002c23   Thumb Code    38  stm32f10x_flash.o(.text)
    FLASH_ErasePage                          0x08002c49   Thumb Code    72  stm32f10x_flash.o(.text)
    FLASH_EraseAllPages                      0x08002c91   Thumb Code    68  stm32f10x_flash.o(.text)
    FLASH_WaitForLastBank1Operation          0x08002cd5   Thumb Code    38  stm32f10x_flash.o(.text)
    FLASH_EraseAllBank1Pages                 0x08002cfb   Thumb Code    68  stm32f10x_flash.o(.text)
    FLASH_GetReadOutProtectionStatus         0x08002d3f   Thumb Code    20  stm32f10x_flash.o(.text)
    FLASH_EraseOptionBytes                   0x08002d53   Thumb Code   150  stm32f10x_flash.o(.text)
    FLASH_ProgramWord                        0x08002de9   Thumb Code   102  stm32f10x_flash.o(.text)
    FLASH_ProgramHalfWord                    0x08002e4f   Thumb Code    60  stm32f10x_flash.o(.text)
    FLASH_ProgramOptionByteData              0x08002e8b   Thumb Code    72  stm32f10x_flash.o(.text)
    FLASH_EnableWriteProtection              0x08002ed3   Thumb Code   200  stm32f10x_flash.o(.text)
    FLASH_ReadOutProtection                  0x08002f9b   Thumb Code   156  stm32f10x_flash.o(.text)
    FLASH_UserOptionByteConfig               0x08003037   Thumb Code    88  stm32f10x_flash.o(.text)
    FLASH_GetUserOptionByte                  0x0800308f   Thumb Code     8  stm32f10x_flash.o(.text)
    FLASH_GetWriteProtectionOptionByte       0x08003097   Thumb Code     6  stm32f10x_flash.o(.text)
    FLASH_GetPrefetchBufferStatus            0x0800309d   Thumb Code    20  stm32f10x_flash.o(.text)
    FLASH_ITConfig                           0x080030b1   Thumb Code    26  stm32f10x_flash.o(.text)
    FLASH_GetFlagStatus                      0x080030cb   Thumb Code    42  stm32f10x_flash.o(.text)
    FLASH_ClearFlag                          0x080030f5   Thumb Code     6  stm32f10x_flash.o(.text)
    FLASH_GetStatus                          0x080030fb   Thumb Code    48  stm32f10x_flash.o(.text)
    SPI_I2S_DeInit                           0x0800313d   Thumb Code    76  stm32f10x_spi.o(.text)
    SPI_Init                                 0x08003189   Thumb Code    60  stm32f10x_spi.o(.text)
    I2S_Init                                 0x080031c5   Thumb Code   226  stm32f10x_spi.o(.text)
    SPI_StructInit                           0x080032a7   Thumb Code    24  stm32f10x_spi.o(.text)
    I2S_StructInit                           0x080032bf   Thumb Code    20  stm32f10x_spi.o(.text)
    SPI_Cmd                                  0x080032d3   Thumb Code    24  stm32f10x_spi.o(.text)
    I2S_Cmd                                  0x080032eb   Thumb Code    24  stm32f10x_spi.o(.text)
    SPI_I2S_ITConfig                         0x08003303   Thumb Code    32  stm32f10x_spi.o(.text)
    SPI_I2S_DMACmd                           0x08003323   Thumb Code    18  stm32f10x_spi.o(.text)
    SPI_I2S_SendData                         0x08003335   Thumb Code     4  stm32f10x_spi.o(.text)
    SPI_I2S_ReceiveData                      0x08003339   Thumb Code     6  stm32f10x_spi.o(.text)
    SPI_NSSInternalSoftwareConfig            0x0800333f   Thumb Code    30  stm32f10x_spi.o(.text)
    SPI_SSOutputCmd                          0x0800335d   Thumb Code    24  stm32f10x_spi.o(.text)
    SPI_DataSizeConfig                       0x08003375   Thumb Code    18  stm32f10x_spi.o(.text)
    SPI_TransmitCRC                          0x08003387   Thumb Code    10  stm32f10x_spi.o(.text)
    SPI_CalculateCRC                         0x08003391   Thumb Code    24  stm32f10x_spi.o(.text)
    SPI_GetCRC                               0x080033a9   Thumb Code    16  stm32f10x_spi.o(.text)
    SPI_GetCRCPolynomial                     0x080033b9   Thumb Code     6  stm32f10x_spi.o(.text)
    SPI_BiDirectionalLineConfig              0x080033bf   Thumb Code    28  stm32f10x_spi.o(.text)
    SPI_I2S_GetFlagStatus                    0x080033db   Thumb Code    18  stm32f10x_spi.o(.text)
    SPI_I2S_ClearFlag                        0x080033ed   Thumb Code     6  stm32f10x_spi.o(.text)
    SPI_I2S_GetITStatus                      0x080033f3   Thumb Code    52  stm32f10x_spi.o(.text)
    SPI_I2S_ClearITPendingBit                0x08003427   Thumb Code    20  stm32f10x_spi.o(.text)
    TIM_DeInit                               0x08003449   Thumb Code   424  stm32f10x_tim.o(.text)
    TIM_TimeBaseInit                         0x080035f1   Thumb Code   122  stm32f10x_tim.o(.text)
    TIM_OC1Init                              0x0800366b   Thumb Code   132  stm32f10x_tim.o(.text)
    TIM_OC2Init                              0x080036ef   Thumb Code   154  stm32f10x_tim.o(.text)
    TIM_OC3Init                              0x08003789   Thumb Code   150  stm32f10x_tim.o(.text)
    TIM_OC4Init                              0x0800381f   Thumb Code   182  stm32f10x_tim.o(.text)
    TIM_SetIC4Prescaler                      0x080038d5   Thumb Code    26  stm32f10x_tim.o(.text)
    TIM_SetIC3Prescaler                      0x08003971   Thumb Code    18  stm32f10x_tim.o(.text)
    TIM_SetIC2Prescaler                      0x080039fd   Thumb Code    26  stm32f10x_tim.o(.text)
    TIM_SetIC1Prescaler                      0x08003a99   Thumb Code    18  stm32f10x_tim.o(.text)
    TIM_ICInit                               0x08003b17   Thumb Code   150  stm32f10x_tim.o(.text)
    TIM_PWMIConfig                           0x08003bad   Thumb Code   124  stm32f10x_tim.o(.text)
    TIM_BDTRConfig                           0x08003c29   Thumb Code    32  stm32f10x_tim.o(.text)
    TIM_TimeBaseStructInit                   0x08003c49   Thumb Code    18  stm32f10x_tim.o(.text)
    TIM_OCStructInit                         0x08003c5b   Thumb Code    20  stm32f10x_tim.o(.text)
    TIM_ICStructInit                         0x08003c6f   Thumb Code    18  stm32f10x_tim.o(.text)
    TIM_BDTRStructInit                       0x08003c81   Thumb Code    40  stm32f10x_tim.o(.text)
    TIM_Cmd                                  0x08003ca9   Thumb Code    24  stm32f10x_tim.o(.text)
    TIM_CtrlPWMOutputs                       0x08003cc1   Thumb Code    30  stm32f10x_tim.o(.text)
    TIM_ITConfig                             0x08003cdf   Thumb Code    18  stm32f10x_tim.o(.text)
    TIM_GenerateEvent                        0x08003cf1   Thumb Code     4  stm32f10x_tim.o(.text)
    TIM_DMAConfig                            0x08003cf5   Thumb Code    10  stm32f10x_tim.o(.text)
    TIM_DMACmd                               0x08003cff   Thumb Code    18  stm32f10x_tim.o(.text)
    TIM_InternalClockConfig                  0x08003d11   Thumb Code    12  stm32f10x_tim.o(.text)
    TIM_SelectInputTrigger                   0x08003d1d   Thumb Code    18  stm32f10x_tim.o(.text)
    TIM_ITRxExternalClockConfig              0x08003d2f   Thumb Code    24  stm32f10x_tim.o(.text)
    TIM_TIxExternalClockConfig               0x08003d47   Thumb Code    62  stm32f10x_tim.o(.text)
    TIM_ETRConfig                            0x08003d85   Thumb Code    28  stm32f10x_tim.o(.text)
    TIM_ETRClockMode1Config                  0x08003da1   Thumb Code    54  stm32f10x_tim.o(.text)
    TIM_ETRClockMode2Config                  0x08003dd7   Thumb Code    32  stm32f10x_tim.o(.text)
    TIM_PrescalerConfig                      0x08003df7   Thumb Code     6  stm32f10x_tim.o(.text)
    TIM_CounterModeConfig                    0x08003dfd   Thumb Code    18  stm32f10x_tim.o(.text)
    TIM_EncoderInterfaceConfig               0x08003e0f   Thumb Code    66  stm32f10x_tim.o(.text)
    TIM_ForcedOC1Config                      0x08003e51   Thumb Code    18  stm32f10x_tim.o(.text)
    TIM_ForcedOC2Config                      0x08003e63   Thumb Code    26  stm32f10x_tim.o(.text)
    TIM_ForcedOC3Config                      0x08003e7d   Thumb Code    18  stm32f10x_tim.o(.text)
    TIM_ForcedOC4Config                      0x08003e8f   Thumb Code    26  stm32f10x_tim.o(.text)
    TIM_ARRPreloadConfig                     0x08003ea9   Thumb Code    24  stm32f10x_tim.o(.text)
    TIM_SelectCOM                            0x08003ec1   Thumb Code    24  stm32f10x_tim.o(.text)
    TIM_SelectCCDMA                          0x08003ed9   Thumb Code    24  stm32f10x_tim.o(.text)
    TIM_CCPreloadControl                     0x08003ef1   Thumb Code    24  stm32f10x_tim.o(.text)
    TIM_OC1PreloadConfig                     0x08003f09   Thumb Code    18  stm32f10x_tim.o(.text)
    TIM_OC2PreloadConfig                     0x08003f1b   Thumb Code    26  stm32f10x_tim.o(.text)
    TIM_OC3PreloadConfig                     0x08003f35   Thumb Code    18  stm32f10x_tim.o(.text)
    TIM_OC4PreloadConfig                     0x08003f47   Thumb Code    26  stm32f10x_tim.o(.text)
    TIM_OC1FastConfig                        0x08003f61   Thumb Code    18  stm32f10x_tim.o(.text)
    TIM_OC2FastConfig                        0x08003f73   Thumb Code    26  stm32f10x_tim.o(.text)
    TIM_OC3FastConfig                        0x08003f8d   Thumb Code    18  stm32f10x_tim.o(.text)
    TIM_OC4FastConfig                        0x08003f9f   Thumb Code    26  stm32f10x_tim.o(.text)
    TIM_ClearOC1Ref                          0x08003fb9   Thumb Code    18  stm32f10x_tim.o(.text)
    TIM_ClearOC2Ref                          0x08003fcb   Thumb Code    24  stm32f10x_tim.o(.text)
    TIM_ClearOC3Ref                          0x08003fe3   Thumb Code    18  stm32f10x_tim.o(.text)
    TIM_ClearOC4Ref                          0x08003ff5   Thumb Code    24  stm32f10x_tim.o(.text)
    TIM_OC1PolarityConfig                    0x0800400d   Thumb Code    18  stm32f10x_tim.o(.text)
    TIM_OC1NPolarityConfig                   0x0800401f   Thumb Code    18  stm32f10x_tim.o(.text)
    TIM_OC2PolarityConfig                    0x08004031   Thumb Code    26  stm32f10x_tim.o(.text)
    TIM_OC2NPolarityConfig                   0x0800404b   Thumb Code    26  stm32f10x_tim.o(.text)
    TIM_OC3PolarityConfig                    0x08004065   Thumb Code    26  stm32f10x_tim.o(.text)
    TIM_OC3NPolarityConfig                   0x0800407f   Thumb Code    26  stm32f10x_tim.o(.text)
    TIM_OC4PolarityConfig                    0x08004099   Thumb Code    26  stm32f10x_tim.o(.text)
    TIM_CCxCmd                               0x080040b3   Thumb Code    30  stm32f10x_tim.o(.text)
    TIM_CCxNCmd                              0x080040d1   Thumb Code    30  stm32f10x_tim.o(.text)
    TIM_SelectOCxM                           0x080040ef   Thumb Code    82  stm32f10x_tim.o(.text)
    TIM_UpdateDisableConfig                  0x08004141   Thumb Code    24  stm32f10x_tim.o(.text)
    TIM_UpdateRequestConfig                  0x08004159   Thumb Code    24  stm32f10x_tim.o(.text)
    TIM_SelectHallSensor                     0x08004171   Thumb Code    24  stm32f10x_tim.o(.text)
    TIM_SelectOnePulseMode                   0x08004189   Thumb Code    18  stm32f10x_tim.o(.text)
    TIM_SelectOutputTrigger                  0x0800419b   Thumb Code    18  stm32f10x_tim.o(.text)
    TIM_SelectSlaveMode                      0x080041ad   Thumb Code    18  stm32f10x_tim.o(.text)
    TIM_SelectMasterSlaveMode                0x080041bf   Thumb Code    18  stm32f10x_tim.o(.text)
    TIM_SetCounter                           0x080041d1   Thumb Code     4  stm32f10x_tim.o(.text)
    TIM_SetAutoreload                        0x080041d5   Thumb Code     4  stm32f10x_tim.o(.text)
    TIM_SetCompare1                          0x080041d9   Thumb Code     4  stm32f10x_tim.o(.text)
    TIM_SetCompare2                          0x080041dd   Thumb Code     4  stm32f10x_tim.o(.text)
    TIM_SetCompare3                          0x080041e1   Thumb Code     4  stm32f10x_tim.o(.text)
    TIM_SetCompare4                          0x080041e5   Thumb Code     6  stm32f10x_tim.o(.text)
    TIM_SetClockDivision                     0x080041eb   Thumb Code    18  stm32f10x_tim.o(.text)
    TIM_GetCapture1                          0x080041fd   Thumb Code     6  stm32f10x_tim.o(.text)
    TIM_GetCapture2                          0x08004203   Thumb Code     6  stm32f10x_tim.o(.text)
    TIM_GetCapture3                          0x08004209   Thumb Code     6  stm32f10x_tim.o(.text)
    TIM_GetCapture4                          0x0800420f   Thumb Code     8  stm32f10x_tim.o(.text)
    TIM_GetCounter                           0x08004217   Thumb Code     6  stm32f10x_tim.o(.text)
    TIM_GetPrescaler                         0x0800421d   Thumb Code     6  stm32f10x_tim.o(.text)
    TIM_GetFlagStatus                        0x08004223   Thumb Code    18  stm32f10x_tim.o(.text)
    TIM_ClearFlag                            0x08004235   Thumb Code     6  stm32f10x_tim.o(.text)
    TIM_GetITStatus                          0x0800423b   Thumb Code    34  stm32f10x_tim.o(.text)
    TIM_ClearITPendingBit                    0x0800425d   Thumb Code     6  stm32f10x_tim.o(.text)
    iap_write_appbin                         0x08004265   Thumb Code    98  iap.o(.text)
    iap_load_app                             0x080042c7   Thumb Code    44  iap.o(.text)
    psock_send                               0x080044a3   Thumb Code   102  psock.o(.text)
    psock_generator_send                     0x08004509   Thumb Code   124  psock.o(.text)
    psock_datalen                            0x08004585   Thumb Code    12  psock.o(.text)
    psock_newdata                            0x08004591   Thumb Code    48  psock.o(.text)
    psock_readto                             0x080045c1   Thumb Code   138  psock.o(.text)
    psock_readbuf                            0x0800464b   Thumb Code   138  psock.o(.text)
    psock_init                               0x080046d5   Thumb Code    40  psock.o(.text)
    timer_set                                0x08004721   Thumb Code    16  timer.o(.text)
    timer_reset                              0x08004731   Thumb Code    10  timer.o(.text)
    timer_restart                            0x0800473b   Thumb Code    12  timer.o(.text)
    timer_expired                            0x08004747   Thumb Code    26  timer.o(.text)
    uip_setipid                              0x08004761   Thumb Code     6  uip.o(.text)
    uip_add32                                0x08004767   Thumb Code   106  uip.o(.text)
    htons                                    0x08004817   Thumb Code    12  uip.o(.text)
    uip_chksum                               0x08004823   Thumb Code    24  uip.o(.text)
    uip_ipchksum                             0x0800483b   Thumb Code    30  uip.o(.text)
    uip_tcpchksum                            0x0800489d   Thumb Code    10  uip.o(.text)
    uip_udpchksum                            0x080048a7   Thumb Code    10  uip.o(.text)
    uip_init                                 0x080048b1   Thumb Code   136  uip.o(.text)
    uip_connect                              0x08004939   Thumb Code   254  uip.o(.text)
    uip_udp_new                              0x08004a37   Thumb Code   204  uip.o(.text)
    uip_unlisten                             0x08004b03   Thumb Code    94  uip.o(.text)
    uip_listen                               0x08004b61   Thumb Code    54  uip.o(.text)
    uip_process                              0x08004bd1   Thumb Code  4620  uip.o(.text)
    uip_send                                 0x08005ddd   Thumb Code    38  uip.o(.text)
    uip_arp_init                             0x08005e21   Thumb Code    46  uip_arp.o(.text)
    uip_arp_timer                            0x08005e4f   Thumb Code    76  uip_arp.o(.text)
    uip_arp_arpin                            0x08005fab   Thumb Code   216  uip_arp.o(.text)
    uip_arp_out                              0x08006083   Thumb Code   366  uip_arp.o(.text)
    clock_time                               0x0800622d   Thumb Code     6  clock-arch.o(.text)
    tapdev_init                              0x08006239   Thumb Code    46  tapdev.o(.text)
    tapdev_read                              0x08006267   Thumb Code    16  tapdev.o(.text)
    tapdev_send                              0x08006277   Thumb Code    14  tapdev.o(.text)
    tcp_client_senddata                      0x08006295   Thumb Code    26  tcp_client_demo.o(.text)
    tcp_client_acked                         0x080062af   Thumb Code    22  tcp_client_demo.o(.text)
    tcp_client_connected                     0x080062c5   Thumb Code    48  tcp_client_demo.o(.text)
    tcp_client_reconnect                     0x080062f5   Thumb Code    42  tcp_client_demo.o(.text)
    tcp_client_closed                        0x0800631f   Thumb Code    26  tcp_client_demo.o(.text)
    tcp_client_timedout                      0x08006339   Thumb Code    22  tcp_client_demo.o(.text)
    tcp_client_aborted                       0x0800634f   Thumb Code    26  tcp_client_demo.o(.text)
    tcp_client_demo_appcall                  0x08006369   Thumb Code   230  tcp_client_demo.o(.text)
    tcp_demo_appcall                         0x0800650d   Thumb Code    66  tcp_demo.o(.text)
    uip_log                                  0x0800654f   Thumb Code    14  tcp_demo.o(.text)
    tcp_server_senddata                      0x08006571   Thumb Code    26  tcp_server_demo.o(.text)
    tcp_server_acked                         0x0800658b   Thumb Code    22  tcp_server_demo.o(.text)
    tcp_server_connected                     0x080065a1   Thumb Code    48  tcp_server_demo.o(.text)
    tcp_server_closed                        0x080065d1   Thumb Code    22  tcp_server_demo.o(.text)
    tcp_server_timedout                      0x080065e7   Thumb Code    22  tcp_server_demo.o(.text)
    tcp_server_aborted                       0x080065fd   Thumb Code    22  tcp_server_demo.o(.text)
    tcp_server_demo_appcall                  0x08006613   Thumb Code   230  tcp_server_demo.o(.text)
    httpd_appcall                            0x08006fc9   Thumb Code   308  httpd.o(.text)
    httpd_init                               0x080070fd   Thumb Code    12  httpd.o(.text)
    httpd_cgi                                0x0800711f   Thumb Code    50  httpd-cgi.o(.text)
    httpd_fs_open                            0x08007399   Thumb Code    66  httpd-fs.o(.text)
    httpd_fs_init                            0x080073db   Thumb Code    22  httpd-fs.o(.text)
    httpd_fs_count                           0x080073f1   Thumb Code    42  httpd-fs.o(.text)
    udp_demo_send                            0x08007425   Thumb Code    24  udp_demo.o(.text)
    udp_demo_newdata                         0x0800743d   Thumb Code    72  udp_demo.o(.text)
    udp_demo_appcall                         0x08007485   Thumb Code     8  udp_demo.o(.text)
    udp_int                                  0x0800748d   Thumb Code   128  udp_demo.o(.text)
    __use_no_semihosting                     0x08007561   Thumb Code     2  use_no_semi_2.o(.text)
    __2printf                                0x08007565   Thumb Code    20  __2printf.o(.text)
    __2snprintf                              0x0800757d   Thumb Code    50  __2snprintf.o(.text)
    _printf_pre_padding                      0x080075b5   Thumb Code    44  _printf_pad.o(.text)
    _printf_post_padding                     0x080075e1   Thumb Code    34  _printf_pad.o(.text)
    _printf_str                              0x08007603   Thumb Code    82  _printf_str.o(.text)
    _printf_int_dec                          0x08007655   Thumb Code   104  _printf_dec.o(.text)
    _printf_int_hex                          0x080076cd   Thumb Code    84  _printf_hex_int.o(.text)
    _printf_longlong_hex                     0x080076cd   Thumb Code     0  _printf_hex_int.o(.text)
    __printf                                 0x08007725   Thumb Code   270  __printf_wp.o(.text)
    strchr                                   0x08007833   Thumb Code    20  strchr.o(.text)
    strstr                                   0x08007847   Thumb Code    36  strstr.o(.text)
    memcmp                                   0x0800786b   Thumb Code    88  memcmp.o(.text)
    strcpy                                   0x080078c3   Thumb Code    72  strcpy.o(.text)
    strrchr                                  0x0800790b   Thumb Code    22  strrchr.o(.text)
    strlen                                   0x08007921   Thumb Code    62  strlen.o(.text)
    strncmp                                  0x0800795f   Thumb Code   150  strncmp.o(.text)
    strcat                                   0x080079f5   Thumb Code    24  strcat.o(.text)
    __aeabi_memcpy                           0x08007a0d   Thumb Code     0  rt_memcpy_v6.o(.text)
    __rt_memcpy                              0x08007a0d   Thumb Code   138  rt_memcpy_v6.o(.text)
    _memcpy_lastbytes                        0x08007a73   Thumb Code     0  rt_memcpy_v6.o(.text)
    __aeabi_memcpy4                          0x08007a97   Thumb Code     0  rt_memcpy_w.o(.text)
    __aeabi_memcpy8                          0x08007a97   Thumb Code     0  rt_memcpy_w.o(.text)
    __rt_memcpy_w                            0x08007a97   Thumb Code   100  rt_memcpy_w.o(.text)
    _memcpy_lastbytes_aligned                0x08007adf   Thumb Code     0  rt_memcpy_w.o(.text)
    __aeabi_memset                           0x08007afb   Thumb Code    16  aeabi_memset.o(.text)
    __aeabi_memclr4                          0x08007b0b   Thumb Code     0  rt_memclr_w.o(.text)
    __aeabi_memclr8                          0x08007b0b   Thumb Code     0  rt_memclr_w.o(.text)
    __rt_memclr_w                            0x08007b0b   Thumb Code    78  rt_memclr_w.o(.text)
    _memset_w                                0x08007b0f   Thumb Code     0  rt_memclr_w.o(.text)
    strncpy                                  0x08007b59   Thumb Code    86  strncpy.o(.text)
    __use_two_region_memory                  0x08007baf   Thumb Code     2  heapauxi.o(.text)
    __rt_heap_escrow$2region                 0x08007bb1   Thumb Code     2  heapauxi.o(.text)
    __rt_heap_expand$2region                 0x08007bb3   Thumb Code     2  heapauxi.o(.text)
    __I$use$semihosting                      0x08007bb5   Thumb Code     0  use_no_semi.o(.text)
    __use_no_semihosting_swi                 0x08007bb5   Thumb Code     2  use_no_semi.o(.text)
    _printf_int_common                       0x08007bb7   Thumb Code   178  _printf_intcommon.o(.text)
    _printf_char_common                      0x08007c73   Thumb Code    32  _printf_char_common.o(.text)
    _sputc                                   0x08007c99   Thumb Code    10  _sputc.o(.text)
    _snputc                                  0x08007ca3   Thumb Code    16  _snputc.o(.text)
    _printf_cs_common                        0x08007cb3   Thumb Code    20  _printf_char.o(.text)
    _printf_char                             0x08007cc7   Thumb Code    16  _printf_char.o(.text)
    _printf_string                           0x08007cd7   Thumb Code     8  _printf_char.o(.text)
    _printf_char_file                        0x08007ce1   Thumb Code    32  _printf_char_file.o(.text)
    __aeabi_memclr                           0x08007d05   Thumb Code     0  rt_memclr.o(.text)
    __rt_memclr                              0x08007d05   Thumb Code    68  rt_memclr.o(.text)
    _memset                                  0x08007d09   Thumb Code     0  rt_memclr.o(.text)
    ferror                                   0x08007d49   Thumb Code     8  ferror.o(.text)
    __user_setup_stackheap                   0x08007d51   Thumb Code    74  sys_stackheap_outer.o(.text)
    exit                                     0x08007d9b   Thumb Code    12  exit.o(.text)
    __user_libspace                          0x08007da9   Thumb Code     8  libspace.o(.text)
    __user_perproc_libspace                  0x08007da9   Thumb Code     0  libspace.o(.text)
    __user_perthread_libspace                0x08007da9   Thumb Code     0  libspace.o(.text)
    _is_digit                                0x08007db1   Thumb Code    14  __printf_wp.o(i._is_digit)
    UDP_local_port                           0x08007dbe   Data           5  main.o(.constdata)
    UDP_ipv4_addr                            0x08007dc3   Data          15  main.o(.constdata)
    file_processes_shtml                     0x0800926c   Data          20  httpd-fs.o(.constdata)
    file_404_html                            0x08009280   Data          20  httpd-fs.o(.constdata)
    file_files_shtml                         0x08009294   Data          20  httpd-fs.o(.constdata)
    file_footer_html                         0x080092a8   Data          20  httpd-fs.o(.constdata)
    file_header_html                         0x080092bc   Data          20  httpd-fs.o(.constdata)
    file_index_html                          0x080092d0   Data          20  httpd-fs.o(.constdata)
    file_style_css                           0x080092e4   Data          20  httpd-fs.o(.constdata)
    file_tcp_shtml                           0x080092f8   Data          20  httpd-fs.o(.constdata)
    file_fade_png                            0x0800930c   Data          20  httpd-fs.o(.constdata)
    file_stats_shtml                         0x08009320   Data          20  httpd-fs.o(.constdata)
    http_http                                0x08009334   Data           8  http-strings.o(.constdata)
    http_200                                 0x0800933c   Data           5  http-strings.o(.constdata)
    http_301                                 0x08009341   Data           5  http-strings.o(.constdata)
    http_302                                 0x08009346   Data           5  http-strings.o(.constdata)
    http_get                                 0x0800934b   Data           5  http-strings.o(.constdata)
    http_10                                  0x08009350   Data           9  http-strings.o(.constdata)
    http_11                                  0x08009359   Data           9  http-strings.o(.constdata)
    http_content_type                        0x08009362   Data          15  http-strings.o(.constdata)
    http_texthtml                            0x08009371   Data          10  http-strings.o(.constdata)
    http_location                            0x0800937b   Data          11  http-strings.o(.constdata)
    http_host                                0x08009386   Data           7  http-strings.o(.constdata)
    http_crnl                                0x0800938d   Data           3  http-strings.o(.constdata)
    http_index_html                          0x08009390   Data          12  http-strings.o(.constdata)
    http_404_html                            0x0800939c   Data          10  http-strings.o(.constdata)
    http_referer                             0x080093a6   Data           9  http-strings.o(.constdata)
    http_header_200                          0x080093af   Data          84  http-strings.o(.constdata)
    http_header_404                          0x08009403   Data          91  http-strings.o(.constdata)
    http_content_type_plain                  0x0800945e   Data          29  http-strings.o(.constdata)
    http_content_type_html                   0x0800947b   Data          28  http-strings.o(.constdata)
    http_content_type_css                    0x08009497   Data          27  http-strings.o(.constdata)
    http_content_type_text                   0x080094b2   Data          28  http-strings.o(.constdata)
    http_content_type_png                    0x080094ce   Data          28  http-strings.o(.constdata)
    http_content_type_gif                    0x080094ea   Data          28  http-strings.o(.constdata)
    http_content_type_jpg                    0x08009506   Data          29  http-strings.o(.constdata)
    http_content_type_binary                 0x08009523   Data          43  http-strings.o(.constdata)
    http_html                                0x0800954e   Data           6  http-strings.o(.constdata)
    http_shtml                               0x08009554   Data           7  http-strings.o(.constdata)
    http_htm                                 0x0800955b   Data           5  http-strings.o(.constdata)
    http_css                                 0x08009560   Data           5  http-strings.o(.constdata)
    http_png                                 0x08009565   Data           5  http-strings.o(.constdata)
    http_gif                                 0x0800956a   Data           5  http-strings.o(.constdata)
    http_jpg                                 0x0800956f   Data           5  http-strings.o(.constdata)
    http_text                                0x08009574   Data           5  http-strings.o(.constdata)
    http_txt                                 0x08009579   Data           5  http-strings.o(.constdata)
    Region$$Table$$Base                      0x0800972c   Number         0  anon$$obj.o(Region$$Table)
    Region$$Table$$Limit                     0x0800974c   Number         0  anon$$obj.o(Region$$Table)
    SystemCoreClock                          0x20000034   Data           4  system_stm32f10x.o(.data)
    AHBPrescTable                            0x20000038   Data          16  system_stm32f10x.o(.data)
    uip_timer                                0x20000048   Data           4  timerx.o(.data)
    __stdout                                 0x2000005c   Data           4  usart.o(.data)
    USART_RX_STA                             0x20000060   Data           2  usart.o(.data)
    USART_RX_CNT                             0x20000062   Data           2  usart.o(.data)
    USART4_RX_STA                            0x20000064   Data           4  usart.o(.data)
    jump2app                                 0x2000007c   Data           4  iap.o(.data)
    uip_hostaddr                             0x20000080   Data           4  uip.o(.data)
    uip_draddr                               0x20000084   Data           4  uip.o(.data)
    uip_netmask                              0x20000088   Data           4  uip.o(.data)
    uip_ethaddr                              0x2000008c   Data           6  uip.o(.data)
    uip_appdata                              0x20000094   Data           4  uip.o(.data)
    uip_sappdata                             0x20000098   Data           4  uip.o(.data)
    uip_len                                  0x2000009c   Data           2  uip.o(.data)
    uip_slen                                 0x2000009e   Data           2  uip.o(.data)
    uip_flags                                0x200000a0   Data           1  uip.o(.data)
    uip_conn                                 0x200000a4   Data           4  uip.o(.data)
    uip_udp_conn                             0x200000a8   Data           4  uip.o(.data)
    uip_acc32                                0x200000b4   Data           4  uip.o(.data)
    mymac                                    0x200000c4   Data           6  tapdev.o(.data)
    tcp_client_sta                           0x200000ca   Data           1  tcp_client_demo.o(.data)
    tcp_server_sta                           0x200000cb   Data           1  tcp_server_demo.o(.data)
    LED0_ON_PIC_ADDR                         0x200000cc   Data           4  httpd.o(.data)
    LED1_ON_PIC_ADDR                         0x200000d0   Data           4  httpd.o(.data)
    LED_OFF_PIC_ADDR                         0x200000d4   Data           4  httpd.o(.data)
    data_index_html                          0x2000010c   Data        1673  httpd-fs.o(.data)
    user_ipaddr                              0x20000798   Data           4  udp_demo.o(.data)
    user_port                                0x2000079c   Data           4  udp_demo.o(.data)
    my_poet                                  0x200007a0   Data           4  udp_demo.o(.data)
    USART_RX_BUF                             0x20001000   Data        1024  usart.o(.ARM.__AT_0x20001000)
    STMFLASH_BUF                             0x20001400   Data        2048  stmflash.o(.bss)
    USART4_RX_BUF                            0x20001c00   Data        1024  usart.o(.bss)
    iapbuf                                   0x20002000   Data        2048  iap.o(.bss)
    uip_buf                                  0x20002800   Data        4098  uip.o(.bss)
    uip_conns                                0x20003804   Data        1600  uip.o(.bss)
    uip_listenports                          0x20003e44   Data          80  uip.o(.bss)
    uip_udp_conns                            0x20003e94   Data         240  uip.o(.bss)
    uip_stat                                 0x20003f84   Data          52  uip.o(.bss)
    tcp_client_databuf                       0x20003fb8   Data         200  tcp_client_demo.o(.bss)
    tcp_server_databuf                       0x20004080   Data         200  tcp_server_demo.o(.bss)
    __libspace_start                         0x2000415c   Data          96  libspace.o(.bss)
    __temporary_stack_top$libspace           0x200041bc   Data           0  libspace.o(.bss)



==============================================================================

Memory Map of the image

  Image Entry point : 0x08000131

  Load Region LR_IROM1 (Base: 0x08000000, Size: 0x00009ef0, Max: 0x00060000, ABSOLUTE, COMPRESSED[0x00009b64])

    Execution Region ER_IROM1 (Base: 0x08000000, Size: 0x0000974c, Max: 0x00060000, ABSOLUTE)

    Base Addr    Size         Type   Attr      Idx    E Section Name        Object

    0x08000000   0x00000130   Data   RO          379    RESET               startup_stm32f10x_hd.o
    0x08000130   0x00000008   Code   RO          908  * !!!main             c_w.l(__main.o)
    0x08000138   0x00000034   Code   RO         1085    !!!scatter          c_w.l(__scatter.o)
    0x0800016c   0x00000064   Code   RO         1083    !!dclz77c           c_w.l(__dclz77c.o)
    0x080001d0   0x0000001c   Code   RO         1087    !!handler_zi        c_w.l(__scatter_zi.o)
    0x080001ec   0x00000000   Code   RO          879    .ARM.Collect$$_printf_percent$$00000000  c_w.l(_printf_percent.o)
    0x080001ec   0x00000006   Code   RO          877    .ARM.Collect$$_printf_percent$$00000009  c_w.l(_printf_d.o)
    0x080001f2   0x00000006   Code   RO          878    .ARM.Collect$$_printf_percent$$0000000A  c_w.l(_printf_u.o)
    0x080001f8   0x00000006   Code   RO          876    .ARM.Collect$$_printf_percent$$0000000C  c_w.l(_printf_x.o)
    0x080001fe   0x00000006   Code   RO          874    .ARM.Collect$$_printf_percent$$00000013  c_w.l(_printf_c.o)
    0x08000204   0x00000006   Code   RO          875    .ARM.Collect$$_printf_percent$$00000014  c_w.l(_printf_s.o)
    0x0800020a   0x00000004   Code   RO          925    .ARM.Collect$$_printf_percent$$00000017  c_w.l(_printf_percent_end.o)
    0x0800020e   0x00000002   Code   RO          958    .ARM.Collect$$libinit$$00000000  c_w.l(libinit.o)
    0x08000210   0x00000000   Code   RO          965    .ARM.Collect$$libinit$$00000002  c_w.l(libinit2.o)
    0x08000210   0x00000000   Code   RO          967    .ARM.Collect$$libinit$$00000004  c_w.l(libinit2.o)
    0x08000210   0x00000000   Code   RO          970    .ARM.Collect$$libinit$$0000000A  c_w.l(libinit2.o)
    0x08000210   0x00000000   Code   RO          972    .ARM.Collect$$libinit$$0000000C  c_w.l(libinit2.o)
    0x08000210   0x00000000   Code   RO          974    .ARM.Collect$$libinit$$0000000E  c_w.l(libinit2.o)
    0x08000210   0x00000000   Code   RO          977    .ARM.Collect$$libinit$$00000011  c_w.l(libinit2.o)
    0x08000210   0x00000000   Code   RO          979    .ARM.Collect$$libinit$$00000013  c_w.l(libinit2.o)
    0x08000210   0x00000000   Code   RO          981    .ARM.Collect$$libinit$$00000015  c_w.l(libinit2.o)
    0x08000210   0x00000000   Code   RO          983    .ARM.Collect$$libinit$$00000017  c_w.l(libinit2.o)
    0x08000210   0x00000000   Code   RO          985    .ARM.Collect$$libinit$$00000019  c_w.l(libinit2.o)
    0x08000210   0x00000000   Code   RO          987    .ARM.Collect$$libinit$$0000001B  c_w.l(libinit2.o)
    0x08000210   0x00000000   Code   RO          989    .ARM.Collect$$libinit$$0000001D  c_w.l(libinit2.o)
    0x08000210   0x00000000   Code   RO          991    .ARM.Collect$$libinit$$0000001F  c_w.l(libinit2.o)
    0x08000210   0x00000000   Code   RO          993    .ARM.Collect$$libinit$$00000021  c_w.l(libinit2.o)
    0x08000210   0x00000000   Code   RO          995    .ARM.Collect$$libinit$$00000023  c_w.l(libinit2.o)
    0x08000210   0x00000000   Code   RO          997    .ARM.Collect$$libinit$$00000025  c_w.l(libinit2.o)
    0x08000210   0x00000000   Code   RO         1001    .ARM.Collect$$libinit$$0000002C  c_w.l(libinit2.o)
    0x08000210   0x00000000   Code   RO         1003    .ARM.Collect$$libinit$$0000002E  c_w.l(libinit2.o)
    0x08000210   0x00000000   Code   RO         1005    .ARM.Collect$$libinit$$00000030  c_w.l(libinit2.o)
    0x08000210   0x00000000   Code   RO         1007    .ARM.Collect$$libinit$$00000032  c_w.l(libinit2.o)
    0x08000210   0x00000002   Code   RO         1008    .ARM.Collect$$libinit$$00000033  c_w.l(libinit2.o)
    0x08000212   0x00000002   Code   RO         1026    .ARM.Collect$$libshutdown$$00000000  c_w.l(libshutdown.o)
    0x08000214   0x00000000   Code   RO         1037    .ARM.Collect$$libshutdown$$00000003  c_w.l(libshutdown2.o)
    0x08000214   0x00000000   Code   RO         1040    .ARM.Collect$$libshutdown$$00000006  c_w.l(libshutdown2.o)
    0x08000214   0x00000000   Code   RO         1043    .ARM.Collect$$libshutdown$$00000009  c_w.l(libshutdown2.o)
    0x08000214   0x00000000   Code   RO         1045    .ARM.Collect$$libshutdown$$0000000B  c_w.l(libshutdown2.o)
    0x08000214   0x00000000   Code   RO         1048    .ARM.Collect$$libshutdown$$0000000E  c_w.l(libshutdown2.o)
    0x08000214   0x00000002   Code   RO         1049    .ARM.Collect$$libshutdown$$0000000F  c_w.l(libshutdown2.o)
    0x08000216   0x00000000   Code   RO          912    .ARM.Collect$$rtentry$$00000000  c_w.l(__rtentry.o)
    0x08000216   0x00000000   Code   RO          929    .ARM.Collect$$rtentry$$00000002  c_w.l(__rtentry2.o)
    0x08000216   0x00000006   Code   RO          941    .ARM.Collect$$rtentry$$00000004  c_w.l(__rtentry4.o)
    0x0800021c   0x00000000   Code   RO          931    .ARM.Collect$$rtentry$$00000009  c_w.l(__rtentry2.o)
    0x0800021c   0x00000004   Code   RO          932    .ARM.Collect$$rtentry$$0000000A  c_w.l(__rtentry2.o)
    0x08000220   0x00000000   Code   RO          934    .ARM.Collect$$rtentry$$0000000C  c_w.l(__rtentry2.o)
    0x08000220   0x00000008   Code   RO          935    .ARM.Collect$$rtentry$$0000000D  c_w.l(__rtentry2.o)
    0x08000228   0x00000002   Code   RO          962    .ARM.Collect$$rtexit$$00000000  c_w.l(rtexit.o)
    0x0800022a   0x00000000   Code   RO         1010    .ARM.Collect$$rtexit$$00000002  c_w.l(rtexit2.o)
    0x0800022a   0x00000004   Code   RO         1011    .ARM.Collect$$rtexit$$00000003  c_w.l(rtexit2.o)
    0x0800022e   0x00000006   Code   RO         1012    .ARM.Collect$$rtexit$$00000004  c_w.l(rtexit2.o)
    0x08000234   0x0000000c   Code   RO          326    .emb_text           sys.o
    0x08000240   0x00000b3c   Code   RO            1    .text               main.o
    0x08000d7c   0x0000001a   Code   RO          147    .text               stm32f10x_it.o
    0x08000d96   0x00000002   PAD
    0x08000d98   0x000001e0   Code   RO          179    .text               system_stm32f10x.o
    0x08000f78   0x00000074   Code   RO          197    .text               led.o
    0x08000fec   0x00000144   Code   RO          209    .text               stmflash.o
    0x08001130   0x00000364   Code   RO          224    .text               sim800a.o
    0x08001494   0x00000038   Code   RO          238    .text               crc16.o
    0x080014cc   0x00000084   Code   RO          252    .text               timerx.o
    0x08001550   0x00000108   Code   RO          270    .text               spi.o
    0x08001658   0x0000057c   Code   RO          285    .text               enc28j60.o
    0x08001bd4   0x00000088   Code   RO          299    .text               gprs_handle.o
    0x08001c5c   0x000000d4   Code   RO          312    .text               delay.o
    0x08001d30   0x0000022c   Code   RO          343    .text               usart.o
    0x08001f5c   0x00000040   Code   RO          380    .text               startup_stm32f10x_hd.o
    0x08001f9c   0x000000dc   Code   RO          384    .text               misc.o
    0x08002078   0x0000035c   Code   RO          408    .text               stm32f10x_gpio.o
    0x080023d4   0x000003a4   Code   RO          420    .text               stm32f10x_rcc.o
    0x08002778   0x00000408   Code   RO          434    .text               stm32f10x_usart.o
    0x08002b80   0x000005bc   Code   RO          446    .text               stm32f10x_flash.o
    0x0800313c   0x0000030c   Code   RO          458    .text               stm32f10x_spi.o
    0x08003448   0x00000e1a   Code   RO          470    .text               stm32f10x_tim.o
    0x08004262   0x00000002   PAD
    0x08004264   0x000000a4   Code   RO          482    .text               iap.o
    0x08004308   0x00000418   Code   RO          498    .text               psock.o
    0x08004720   0x00000040   Code   RO          510    .text               timer.o
    0x08004760   0x000016c0   Code   RO          522    .text               uip.o
    0x08005e20   0x0000040c   Code   RO          552    .text               uip_arp.o
    0x0800622c   0x0000000c   Code   RO          633    .text               clock-arch.o
    0x08006238   0x0000005c   Code   RO          646    .text               tapdev.o
    0x08006294   0x00000278   Code   RO          664    .text               tcp_client_demo.o
    0x0800650c   0x00000064   Code   RO          688    .text               tcp_demo.o
    0x08006570   0x00000244   Code   RO          706    .text               tcp_server_demo.o
    0x080067b4   0x00000958   Code   RO          730    .text               httpd.o
    0x0800710c   0x0000025c   Code   RO          752    .text               httpd-cgi.o
    0x08007368   0x000000bc   Code   RO          768    .text               httpd-fs.o
    0x08007424   0x0000013c   Code   RO          798    .text               udp_demo.o
    0x08007560   0x00000002   Code   RO          815    .text               c_w.l(use_no_semi_2.o)
    0x08007562   0x00000002   PAD
    0x08007564   0x00000018   Code   RO          817    .text               c_w.l(__2printf.o)
    0x0800757c   0x00000038   Code   RO          819    .text               c_w.l(__2snprintf.o)
    0x080075b4   0x0000004e   Code   RO          827    .text               c_w.l(_printf_pad.o)
    0x08007602   0x00000052   Code   RO          829    .text               c_w.l(_printf_str.o)
    0x08007654   0x00000078   Code   RO          831    .text               c_w.l(_printf_dec.o)
    0x080076cc   0x00000058   Code   RO          836    .text               c_w.l(_printf_hex_int.o)
    0x08007724   0x0000010e   Code   RO          862    .text               c_w.l(__printf_wp.o)
    0x08007832   0x00000014   Code   RO          880    .text               c_w.l(strchr.o)
    0x08007846   0x00000024   Code   RO          882    .text               c_w.l(strstr.o)
    0x0800786a   0x00000058   Code   RO          884    .text               c_w.l(memcmp.o)
    0x080078c2   0x00000048   Code   RO          886    .text               c_w.l(strcpy.o)
    0x0800790a   0x00000016   Code   RO          888    .text               c_w.l(strrchr.o)
    0x08007920   0x0000003e   Code   RO          890    .text               c_w.l(strlen.o)
    0x0800795e   0x00000096   Code   RO          892    .text               c_w.l(strncmp.o)
    0x080079f4   0x00000018   Code   RO          894    .text               c_w.l(strcat.o)
    0x08007a0c   0x0000008a   Code   RO          896    .text               c_w.l(rt_memcpy_v6.o)
    0x08007a96   0x00000064   Code   RO          898    .text               c_w.l(rt_memcpy_w.o)
    0x08007afa   0x00000010   Code   RO          900    .text               c_w.l(aeabi_memset.o)
    0x08007b0a   0x0000004e   Code   RO          902    .text               c_w.l(rt_memclr_w.o)
    0x08007b58   0x00000056   Code   RO          904    .text               c_w.l(strncpy.o)
    0x08007bae   0x00000006   Code   RO          906    .text               c_w.l(heapauxi.o)
    0x08007bb4   0x00000002   Code   RO          910    .text               c_w.l(use_no_semi.o)
    0x08007bb6   0x000000b2   Code   RO          913    .text               c_w.l(_printf_intcommon.o)
    0x08007c68   0x00000030   Code   RO          915    .text               c_w.l(_printf_char_common.o)
    0x08007c98   0x0000000a   Code   RO          917    .text               c_w.l(_sputc.o)
    0x08007ca2   0x00000010   Code   RO          919    .text               c_w.l(_snputc.o)
    0x08007cb2   0x0000002c   Code   RO          921    .text               c_w.l(_printf_char.o)
    0x08007cde   0x00000002   PAD
    0x08007ce0   0x00000024   Code   RO          923    .text               c_w.l(_printf_char_file.o)
    0x08007d04   0x00000044   Code   RO          926    .text               c_w.l(rt_memclr.o)
    0x08007d48   0x00000008   Code   RO          945    .text               c_w.l(ferror.o)
    0x08007d50   0x0000004a   Code   RO          949    .text               c_w.l(sys_stackheap_outer.o)
    0x08007d9a   0x0000000c   Code   RO          951    .text               c_w.l(exit.o)
    0x08007da6   0x00000002   PAD
    0x08007da8   0x00000008   Code   RO          959    .text               c_w.l(libspace.o)
    0x08007db0   0x0000000e   Code   RO          864    i._is_digit         c_w.l(__printf_wp.o)
    0x08007dbe   0x00000014   Data   RO            3    .constdata          main.o
    0x08007dd2   0x00000004   Data   RO          225    .constdata          sim800a.o
    0x08007dd6   0x00000200   Data   RO          239    .constdata          crc16.o
    0x08007fd6   0x00000008   Data   RO          524    .constdata          uip.o
    0x08007fde   0x0000000a   Data   RO          554    .constdata          uip_arp.o
    0x08007fe8   0x0000006e   Data   RO          753    .constdata          httpd-cgi.o
    0x08008056   0x00000002   PAD
    0x08008058   0x000012dc   Data   RO          770    .constdata          httpd-fs.o
    0x08009334   0x0000024a   Data   RO          791    .constdata          http-strings.o
    0x0800957e   0x00000028   Data   RO          837    .constdata          c_w.l(_printf_hex_int.o)
    0x080095a6   0x00000002   PAD
    0x080095a8   0x000000f9   Data   RO          731    .conststring        httpd.o
    0x080096a1   0x00000003   PAD
    0x080096a4   0x00000086   Data   RO          754    .conststring        httpd-cgi.o
    0x0800972a   0x00000002   PAD
    0x0800972c   0x00000020   Data   RO         1081    Region$$Table       anon$$obj.o


    Execution Region RW_IRAM1 (Base: 0x20000000, Size: 0x000047c0, Max: 0x00010000, ABSOLUTE, COMPRESSED[0x00000418])

    Base Addr    Size         Type   Attr      Idx    E Section Name        Object

    0x20000000   0x00000031   Data   RW            4    .data               main.o
    0x20000031   0x00000003   PAD
    0x20000034   0x00000014   Data   RW          180    .data               system_stm32f10x.o
    0x20000048   0x00000004   Data   RW          253    .data               timerx.o
    0x2000004c   0x00000008   Data   RW          286    .data               enc28j60.o
    0x20000054   0x00000002   Data   RW          300    .data               gprs_handle.o
    0x20000056   0x00000004   Data   RW          313    .data               delay.o
    0x2000005a   0x00000002   PAD
    0x2000005c   0x0000000c   Data   RW          346    .data               usart.o
    0x20000068   0x00000014   Data   RW          421    .data               stm32f10x_rcc.o
    0x2000007c   0x00000004   Data   RW          484    .data               iap.o
    0x20000080   0x0000003c   Data   RW          525    .data               uip.o
    0x200000bc   0x00000008   Data   RW          555    .data               uip_arp.o
    0x200000c4   0x00000006   Data   RW          647    .data               tapdev.o
    0x200000ca   0x00000001   Data   RW          666    .data               tcp_client_demo.o
    0x200000cb   0x00000001   Data   RW          708    .data               tcp_server_demo.o
    0x200000cc   0x0000000c   Data   RW          732    .data               httpd.o
    0x200000d8   0x00000034   Data   RW          755    .data               httpd-cgi.o
    0x2000010c   0x00000689   Data   RW          771    .data               httpd-fs.o
    0x20000795   0x00000003   PAD
    0x20000798   0x0000000c   Data   RW          799    .data               udp_demo.o
    0x200007a4   0x000007f7   Zero   RW            2    .bss                main.o
    0x20000f9b   0x00000001   PAD
    0x20000f9c   0x00000060   Zero   RW          553    .bss                uip_arp.o
    0x20000ffc   0x00000004   PAD
    0x20001000   0x00000400   Zero   RW          344    .ARM.__AT_0x20001000  usart.o
    0x20001400   0x00000800   Zero   RW          210    .bss                stmflash.o
    0x20001c00   0x00000400   Zero   RW          345    .bss                usart.o
    0x20002000   0x00000800   Zero   RW          483    .bss                iap.o
    0x20002800   0x000017b8   Zero   RW          523    .bss                uip.o
    0x20003fb8   0x000000c8   Zero   RW          665    .bss                tcp_client_demo.o
    0x20004080   0x000000c8   Zero   RW          707    .bss                tcp_server_demo.o
    0x20004148   0x00000014   Zero   RW          769    .bss                httpd-fs.o
    0x2000415c   0x00000060   Zero   RW          960    .bss                c_w.l(libspace.o)
    0x200041bc   0x00000004   PAD
    0x200041c0   0x00000200   Zero   RW          378    HEAP                startup_stm32f10x_hd.o
    0x200043c0   0x00000400   Zero   RW          377    STACK               startup_stm32f10x_hd.o


==============================================================================

Image component sizes


      Code (inc. data)   RO Data    RW Data    ZI Data      Debug   Object Name

        12          6          0          0          0        449   clock-arch.o
        56          8        512          0          0       1176   crc16.o
       212         18          0          4          0       1023   delay.o
      1404         70          0          8          0       4782   enc28j60.o
       136          4          0          2          0       1400   gprs_handle.o
         0          0        586          0          0       2245   http-strings.o
       604         52        244         52          0       3324   httpd-cgi.o
       188         10       4828       1673         20       4098   httpd-fs.o
      2392        216        249         12          0       5290   httpd.o
       164         22          0          4       2048       1630   iap.o
       116         14          0          0          0        515   led.o
      2876        502         20         49       2039     287082   main.o
       220         22          0          0          0       1809   misc.o
      1048         36          0          0          0       4500   psock.o
       868        132          4          0          0       4539   sim800a.o
       264         10          0          0          0       1101   spi.o
        64         26        304          0       1536        796   startup_stm32f10x_hd.o
      1468         34          0          0          0       8038   stm32f10x_flash.o
       860         38          0          0          0       5653   stm32f10x_gpio.o
        26          0          0          0          0       1182   stm32f10x_it.o
       932         36          0         20          0       8824   stm32f10x_rcc.o
       780         14          0          0          0       6534   stm32f10x_spi.o
      3610         88          0          0          0      22136   stm32f10x_tim.o
      1032         22          0          0          0       8376   stm32f10x_usart.o
       324          8          0          0       2048       2618   stmflash.o
        12          0          0          0          0        484   sys.o
       480         38          0         20          0       1751   system_stm32f10x.o
        92         16          0          6          0       1430   tapdev.o
       632        190          0          1        200      10111   tcp_client_demo.o
       100         20          0          0          0       1663   tcp_demo.o
       580        188          0          1        200       2997   tcp_server_demo.o
        64          0          0          0          0       1380   timer.o
       132         10          0          4          0       1016   timerx.o
       316         84          0         12          0       1906   udp_demo.o
      5824        636          8         60       6072      15675   uip.o
      1036         60         10          8         96       3075   uip_arp.o
       556         32          0         12       2048       4623   usart.o

    ----------------------------------------------------------------------
     29484       2662       6804       1956      16312     435231   Object Totals
         0          0         32          0          0          0   (incl. Generated)
         4          0          7          8          5          0   (incl. Padding)

    ----------------------------------------------------------------------

      Code (inc. data)   RO Data    RW Data    ZI Data      Debug   Library Member Name

        24          4          0          0          0         84   __2printf.o
        56          6          0          0          0         88   __2snprintf.o
       100          0          0          0          0          0   __dclz77c.o
         8          0          0          0          0         68   __main.o
       284          0          0          0          0        156   __printf_wp.o
         0          0          0          0          0          0   __rtentry.o
        12          0          0          0          0          0   __rtentry2.o
         6          0          0          0          0          0   __rtentry4.o
        52          8          0          0          0          0   __scatter.o
        28          0          0          0          0          0   __scatter_zi.o
         6          0          0          0          0          0   _printf_c.o
        44          0          0          0          0        108   _printf_char.o
        48          6          0          0          0         96   _printf_char_common.o
        36          4          0          0          0         80   _printf_char_file.o
         6          0          0          0          0          0   _printf_d.o
       120         16          0          0          0         92   _printf_dec.o
        88          4         40          0          0         88   _printf_hex_int.o
       178          0          0          0          0         88   _printf_intcommon.o
        78          0          0          0          0        108   _printf_pad.o
         0          0          0          0          0          0   _printf_percent.o
         4          0          0          0          0          0   _printf_percent_end.o
         6          0          0          0          0          0   _printf_s.o
        82          0          0          0          0         80   _printf_str.o
         6          0          0          0          0          0   _printf_u.o
         6          0          0          0          0          0   _printf_x.o
        16          0          0          0          0         68   _snputc.o
        10          0          0          0          0         68   _sputc.o
        16          0          0          0          0         68   aeabi_memset.o
        12          0          0          0          0         72   exit.o
         8          0          0          0          0         68   ferror.o
         6          0          0          0          0        152   heapauxi.o
         2          0          0          0          0          0   libinit.o
         2          0          0          0          0          0   libinit2.o
         2          0          0          0          0          0   libshutdown.o
         2          0          0          0          0          0   libshutdown2.o
         8          4          0          0         96         68   libspace.o
        88          0          0          0          0         76   memcmp.o
        68          0          0          0          0         68   rt_memclr.o
        78          0          0          0          0         80   rt_memclr_w.o
       138          0          0          0          0         68   rt_memcpy_v6.o
       100          0          0          0          0         80   rt_memcpy_w.o
         2          0          0          0          0          0   rtexit.o
        10          0          0          0          0          0   rtexit2.o
        24          0          0          0          0         68   strcat.o
        20          0          0          0          0         68   strchr.o
        72          0          0          0          0         80   strcpy.o
        62          0          0          0          0         76   strlen.o
       150          0          0          0          0         80   strncmp.o
        86          0          0          0          0         76   strncpy.o
        22          0          0          0          0         68   strrchr.o
        36          0          0          0          0         80   strstr.o
        74          0          0          0          0         80   sys_stackheap_outer.o
         2          0          0          0          0         68   use_no_semi.o
         2          0          0          0          0         68   use_no_semi_2.o

    ----------------------------------------------------------------------
      2402         52         42          0        100       2884   Library Totals
         6          0          2          0          4          0   (incl. Padding)

    ----------------------------------------------------------------------

      Code (inc. data)   RO Data    RW Data    ZI Data      Debug   Library Name

      2396         52         40          0         96       2884   c_w.l

    ----------------------------------------------------------------------
      2402         52         42          0        100       2884   Library Totals

    ----------------------------------------------------------------------

==============================================================================


      Code (inc. data)   RO Data    RW Data    ZI Data      Debug   

     31886       2714       6846       1956      16412     433535   Grand Totals
     31886       2714       6846       1048      16412     433535   ELF Image Totals (compressed)
     31886       2714       6846       1048          0          0   ROM Totals

==============================================================================

    Total RO  Size (Code + RO Data)                38732 (  37.82kB)
    Total RW  Size (RW Data + ZI Data)             18368 (  17.94kB)
    Total ROM Size (Code + RO Data + RW Data)      39780 (  38.85kB)

==============================================================================

